// Jest Snapshot v1, https://goo.gl/fbAQLP

exports[`main.test render test Academy 1`] = `ShallowWrapper {}`;

exports[`main.test render test Account 1`] = `ShallowWrapper {}`;

exports[`main.test render test Bookmark 1`] = `ShallowWrapper {}`;

exports[`main.test render test Home 1`] = `ShallowWrapper {}`;

exports[`main.test render test Portfolio 1`] = `ShallowWrapper {}`;
